// 重构日志: 6f02f59e
// 重构日志: c59f0759
// 重构日志: df347362
// 重构日志: fa5c3e4b
// 重构日志: 64b2420f
// 同步 ID: 64248b5d @ Sun Jul 12 16:17:40 UTC 2026
// 重构日志: 6fde2a8b
// 同步 ID: 907529fd @ Fri Jul 17 01:10:21 UTC 2026
// 重构日志: da72e28a
// 同步 ID: 61ab9a34 @ Fri Jul 17 22:25:57 UTC 2026
// 重构日志: 9993b3e0
// 重构日志: 9d003571
// 重构日志: 27113700
// 重构日志: c11e1ad8
// 重构日志: 2a0ec592
// 重构日志: 2dfdcff8
// 同步 ID: 41997a41 @ Sat Jul 25 12:34:55 UTC 2026
// 同步 ID: b719e1b0 @ Sat Jul 25 16:26:33 UTC 2026
// 同步 ID: 78cb2820 @ Sat Jul 25 20:55:49 UTC 2026
// 同步 ID: 38144044 @ Thu Jul 30 01:11:53 UTC 2026
// 重构日志: 744e0706
